This is pdfTeX, Version 3.141592653-2.6-1.40.29 (TeX Live 2026) (preloaded format=pdflatex 2026.5.28)  28 MAY 2026 21:09
entering extended mode
 restricted \write18 enabled.
 %&-line parsing enabled.
**refman.tex
(./refman.tex
LaTeX2e <2025-11-01>
L3 programming layer <2026-05-15>
(c:/Users/Ugniaus/Downloads/TinyTeX/texmf-dist/tex/generic/iftex/iftex.sty
Package: iftex 2024/12/12 v1.0g TeX engine tests
) (c:/Users/Ugniaus/Downloads/TinyTeX/texmf-dist/tex/latex/base/book.cls
Document Class: book 2025/01/22 v1.4n Standard LaTeX document class
(c:/Users/Ugniaus/Downloads/TinyTeX/texmf-dist/tex/latex/base/bk10.clo
File: bk10.clo 2025/01/22 v1.4n Standard LaTeX file (size option)
)
\c@part=\count276
\c@chapter=\count277
\c@section=\count278
\c@subsection=\count279
\c@subsubsection=\count280
\c@paragraph=\count281
\c@subparagraph=\count282
\c@figure=\count283
\c@table=\count284
\abovecaptionskip=\skip49
\belowcaptionskip=\skip50
\bibindent=\dimen150
) (c:/Users/Ugniaus/Downloads/TinyTeX/texmf-dist/tex/generic/infwarerr/infwarerr.sty
package info suppressed
) (./doxygen.sty
Package: doxygen 
 (c:/Users/Ugniaus/Downloads/TinyTeX/texmf-dist/tex/latex/base/alltt.sty
Package: alltt 2024/07/07 v2.0g defines alltt environment
) (c:/Users/Ugniaus/Downloads/TinyTeX/texmf-dist/tex/latex/tools/array.sty
Package: array 2025/09/25 v2.6n Tabular extension package (FMi)
\col@sep=\dimen151
\ar@mcellbox=\box53
\extrarowheight=\dimen152
\NC@list=\toks17
\extratabsurround=\skip51
\backup@length=\skip52
\ar@cellbox=\box54
) (c:/Users/Ugniaus/Downloads/TinyTeX/texmf-dist/tex/latex/tools/calc.sty
Package: calc 2025/03/01 v4.3b Infix arithmetic (KKT,FJ)
\calc@Acount=\count285
\calc@Bcount=\count286
\calc@Adimen=\dimen153
\calc@Bdimen=\dimen154
\calc@Askip=\skip53
\calc@Bskip=\skip54
LaTeX Info: Redefining \setlength on input line 86.
LaTeX Info: Redefining \addtolength on input line 87.
\calc@Ccount=\count287
\calc@Cskip=\skip55
) (c:/Users/Ugniaus/Downloads/TinyTeX/texmf-dist/tex/latex/float/float.sty
Package: float 2001/11/08 v1.3d Float enhancements (AL)
\c@float@type=\count288
\float@exts=\toks18
\float@box=\box55
\@float@everytoks=\toks19
\@floatcapt=\box56
) (c:/Users/Ugniaus/Downloads/TinyTeX/texmf-dist/tex/latex/base/ifthen.sty
Package: ifthen 2024/03/16 v1.1e Standard LaTeX ifthen package (DPC)
) (c:/Users/Ugniaus/Downloads/TinyTeX/texmf-dist/tex/latex/tools/verbatim.sty
Package: verbatim 2024-01-22 v1.5x LaTeX2e package for verbatim enhancements
\every@verbatim=\toks20
\verbatim@line=\toks21
\verbatim@in@stream=\read2
) (c:/Users/Ugniaus/Downloads/TinyTeX/texmf-dist/tex/latex/varwidth/varwidth.sty
Package: varwidth 2009/03/30 ver 0.92;  Variable-width minipages
\@vwid@box=\box57
\sift@deathcycles=\count289
\@vwid@loff=\dimen155
\@vwid@roff=\dimen156
)
==> First Aid for varwidth.sty applied!
(c:/Users/Ugniaus/Downloads/TinyTeX/texmf-dist/tex/latex/xcolor/xcolor.sty
Package: xcolor 2024/09/29 v3.02 LaTeX color extensions (UK)
 (c:/Users/Ugniaus/Downloads/TinyTeX/texmf-dist/tex/latex/graphics-cfg/color.cfg
File: color.cfg 2016/01/02 v1.6 sample color configuration
)
Package xcolor Info: Driver file: pdftex.def on input line 274.
 (c:/Users/Ugniaus/Downloads/TinyTeX/texmf-dist/tex/latex/graphics-def/pdftex.def
File: pdftex.def 2025/09/29 v1.2d Graphics/color driver for pdftex
) (c:/Users/Ugniaus/Downloads/TinyTeX/texmf-dist/tex/latex/graphics/mathcolor.ltx)
Package xcolor Info: Model `cmy' substituted by `cmy0' on input line 1349.
Package xcolor Info: Model `hsb' substituted by `rgb' on input line 1353.
Package xcolor Info: Model `RGB' extended on input line 1365.
Package xcolor Info: Model `HTML' substituted by `rgb' on input line 1367.
Package xcolor Info: Model `Hsb' substituted by `hsb' on input line 1368.
Package xcolor Info: Model `tHsb' substituted by `hsb' on input line 1369.
Package xcolor Info: Model `HSB' substituted by `hsb' on input line 1370.
Package xcolor Info: Model `Gray' substituted by `gray' on input line 1371.
Package xcolor Info: Model `wave' substituted by `hsb' on input line 1372.
) (c:/Users/Ugniaus/Downloads/TinyTeX/texmf-dist/tex/latex/colortbl/colortbl.sty
Package: colortbl 2026/05/01 v1.0l Color table columns (DPC)
\everycr=\toks22
\minrowclearance=\skip56
\rownum=\count290
) (c:/Users/Ugniaus/Downloads/TinyTeX/texmf-dist/tex/latex/tools/longtable.sty
Package: longtable 2025-10-13 v4.24 Multi-page Table package (DPC)
\LTleft=\skip57
\LTright=\skip58
\LTpre=\skip59
\LTpost=\skip60
\LTchunksize=\count291
\LTcapwidth=\dimen157
\LT@head=\box58
\LT@firsthead=\box59
\LT@foot=\box60
\LT@lastfoot=\box61
\LT@gbox=\box62
\LT@cols=\count292
\LT@rows=\count293
\c@LT@tables=\count294
\c@LT@chunks=\count295
\LT@p@ftn=\toks23
) (c:/Users/Ugniaus/Downloads/TinyTeX/texmf-dist/tex/latex/xltabular/xltabular.sty
Package: xltabular 2025/02/28 v0.2i `xltabular' package (hv,RN)
 (c:/Users/Ugniaus/Downloads/TinyTeX/texmf-dist/tex/latex/tools/tabularx.sty
Package: tabularx 2023/12/11 v2.12a `tabularx' package (DPC)
\TX@col@width=\dimen158
\TX@old@table=\dimen159
\TX@old@col=\dimen160
\TX@target=\dimen161
\TX@delta=\dimen162
\TX@cols=\count296
\TX@ftn=\toks24
) (c:/Users/Ugniaus/Downloads/TinyTeX/texmf-dist/tex/latex/etoolbox/etoolbox.sty
Package: etoolbox 2025/10/02 v2.5m e-TeX tools for LaTeX (JAW)
\etb@tempcnta=\count297
) (c:/Users/Ugniaus/Downloads/TinyTeX/texmf-dist/tex/latex/ltablex/ltablex.sty
Package: ltablex 2014/08/13 v1.1 Modified tabularx
)) (c:/Users/Ugniaus/Downloads/TinyTeX/texmf-dist/tex/latex/tabularray/tabularray.sty
Package: tabularray 2025-11-27 v2025C Typeset tabulars and arrays with LaTeX3
 (c:/Users/Ugniaus/Downloads/TinyTeX/texmf-dist/tex/latex/ninecolors/ninecolors.sty
Package: ninecolors 2022-02-13 v2022D Select colors with proper color contrast
 (c:/Users/Ugniaus/Downloads/TinyTeX/texmf-dist/tex/latex/l3packages/xparse/xparse.sty (c:/Users/Ugniaus/Downloads/TinyTeX/texmf-dist/tex/latex/l3kernel/expl3.sty
Package: expl3 2026-05-15 L3 programming layer (loader) 
 (c:/Users/Ugniaus/Downloads/TinyTeX/texmf-dist/tex/latex/l3backend/l3backend-pdftex.def
File: l3backend-pdftex.def 2026-02-18 L3 backend support: PDF output (pdfTeX)
\l__color_backend_stack_int=\count298
))
Package: xparse 2025-10-09 L3 Experimental document command parser
))
\g__tblr_nohyper_int=\count299
\l__tblr_a_int=\count300
\l__tblr_c_int=\count301
\l__tblr_r_int=\count302
\l__tblr_d_dim=\dimen163
\l__tblr_h_dim=\dimen164
\l__tblr_o_dim=\dimen165
\l__tblr_p_dim=\dimen166
\l__tblr_q_dim=\dimen167
\l__tblr_r_dim=\dimen168
\l__tblr_s_dim=\dimen169
\l__tblr_t_dim=\dimen170
\l__tblr_v_dim=\dimen171
\l__tblr_w_dim=\dimen172
\l__tblr_a_box=\box63
\l__tblr_b_box=\box64
\l__tblr_c_box=\box65
\l__tblr_d_box=\box66
\c@tblrcount=\count303
\c@colnum=\count304
\c@rowcount=\count305
\c@colcount=\count306
\abovesep=\dimen173
\belowsep=\dimen174
\leftsep=\dimen175
\rightsep=\dimen176
\gTblrLevelInt=\count307
\g__tblr_data_row_key_count_int=\count308
\g__tblr_data_column_key_count_int=\count309
\g__tblr_data_cell_key_count_int=\count310
\g__tblr_array_int=\count311
\l__tblr_key_count_int=\count312
\l__tblr_key_quotient_int=\count313
\l__tblr_key_quotient_two_int=\count314
\l__tblr_key_remainder_int=\count315
\g__tblr_data_str_value_count_int=\count316
\lTblrChildTotalInt=\count317
\lTblrChildHtotalInt=\count318
\lTblrChildVtotalInt=\count319
\l__child_diff_h_int=\count320
\l__child_diff_v_int=\count321
\l__child_sign_h_int=\count322
\l__child_sign_v_int=\count323
\l__child_step_int=\count324
\lTblrDefaultHruleWidthDim=\dimen177
\lTblrDefaultVruleWidthDim=\dimen178
\l__tblr_split_balance_int=\count325
\l__tblr_strut_dp_dim=\dimen179
\l__tblr_strut_ht_dim=\dimen180
\g__tblr_cell_wd_dim=\dimen181
\g__tblr_cell_ht_dim=\dimen182
\g__tblr_cell_head_dim=\dimen183
\g__tblr_cell_foot_dim=\dimen184
\l__tblr_measured_cell_box=\box67
\g__tblr_last_box=\box68
\l__tblr_temp_box=\box69
\l__tblr_column_target_dim=\dimen185
\l__tblr_hfuzz_dim=\dimen186
\l__tblr_caption_box=\box70
\l__tblr_caption_left_box=\box71
\lTblrRowHeadInt=\count326
\lTblrRowFootInt=\count327
\l__tblr_row_head_box=\box72
\l__tblr_row_foot_box=\box73
\l__tblr_row_head_foot_dim=\dimen187
\lTblrTableWidthDim=\dimen188
\l__tblr_table_firsthead_box=\box74
\l__tblr_table_middlehead_box=\box75
\l__tblr_table_lasthead_box=\box76
\l__tblr_table_firstfoot_box=\box77
\l__tblr_table_middlefoot_box=\box78
\l__tblr_table_lastfoot_box=\box79
\l__tblr_remain_height_dim=\dimen189
\l__tblr_next_rows_dim=\dimen190
\l__tblr_page_overfill_dim=\dimen191
\l__tblr_long_from_int=\count328
\l__tblr_long_to_int=\count329
\l__tblr_curr_i_int=\count330
\l__tblr_prev_i_int=\count331
\lTblrTablePageInt=\count332
\l__tblr_table_head_box=\box80
\l__tblr_table_foot_box=\box81
\l__tblr_table_head_foot_dim=\dimen192
\l__tblr_table_head_body_foot_dim=\dimen193
\l__tblr_table_box=\box82
\lTblrRowFirstInt=\count333
\lTblrRowLastInt=\count334
\l__tblr_cover_box_a_dim=\dimen194
\l__tblr_cover_box_b_dim=\dimen195
\l__tblr_table_hlines_box=\box83
\l__tblr_hline_box=\box84
\l__tblr_row_box=\box85
\l__tblr_col_o_wd_dim=\dimen196
\l__tblr_col_b_wd_dim=\dimen197
\l__tblr_hline_leftskip_dim=\dimen198
\l__tblr_hline_rightskip_dim=\dimen199
\l__tblr_row_ht_dim=\dimen256
\l__tblr_row_dp_dim=\dimen257
\l__tblr_row_abovesep_dim=\dimen258
\l__tblr_row_belowsep_dim=\dimen259
\l__tblr_row_vlines_box=\box86
\l__tblr_vline_box=\box87
\l__tblr_cell_box=\box88
\l__tblr_row_upper_dim=\dimen260
\l__tblr_row_lower_dim=\dimen261
\l__tblr_row_vpace_dim=\dimen262
\l__tblr_vline_aboveskip_dim=\dimen263
\l__tblr_vline_belowskip_dim=\dimen264
\lTblrCellRowSpanInt=\count335
\lTblrCellColSpanInt=\count336
\l__tblr_cell_wd_dim=\dimen265
\l__tblr_cell_ht_dim=\dimen266
\lTblrCellAboveBorderWidthDim=\dimen267
\lTblrCellBelowBorderWidthDim=\dimen268
\lTblrCellLeftBorderWidthDim=\dimen269
\lTblrCellRightBorderWidthDim=\dimen270
\l__tblr_diag_box=\box89
\l__tblr_cell_inner_wd_dim=\dimen271
\l__tblr_cell_inner_dp_dim=\dimen272
\l__tblr_cell_hanchor_dim=\dimen273
\l__tblr_last_cell_table_ht_dim=\dimen274
\l__tblr_last_cell_table_dp_dim=\dimen275
\l__tblr_last_vline_wd_dim=\dimen276
\l__tblr_tikz_node_box=\box90
)
\g__doxy_nohyper_int=\count337
\doxytablewidth=\dimen277
 (c:/Users/Ugniaus/Downloads/TinyTeX/texmf-dist/tex/latex/fancyvrb/fancyvrb.sty
Package: fancyvrb 2026/04/16 4.6a verbatim text (tvz,hv)
 (c:/Users/Ugniaus/Downloads/TinyTeX/texmf-dist/tex/latex/graphics/keyval.sty
Package: keyval 2022/05/29 v1.15 key=value parser (DPC)
\KV@toks@=\toks25
)
\FV@CodeLineNo=\count338
\FV@InFile=\read3
\FV@TabBox=\box91
\c@FancyVerbLine=\count339
\FV@StepNumber=\count340
\FV@OutFile=\write3
) (c:/Users/Ugniaus/Downloads/TinyTeX/texmf-dist/tex/latex/tools/multicol.sty
Package: multicol 2025/10/21 v2.0b multicolumn formatting (FMi)
\c@tracingmulticols=\count341
\mult@box=\box92
\multicol@leftmargin=\dimen278
\c@unbalance=\count342
\c@collectmore=\count343
\doublecol@number=\count344
\multicoltolerance=\count345
\multicolpretolerance=\count346
\full@width=\dimen279
\page@free=\dimen280
\premulticols=\dimen281
\postmulticols=\dimen282
\multicolsep=\skip61
\multicolbaselineskip=\skip62
\partial@page=\box93
\last@line=\box94
\mc@boxedresult=\box95
\maxbalancingoverflow=\dimen283
\mult@rightbox=\box96
\mult@grightbox=\box97
\mult@firstbox=\box98
\mult@gfirstbox=\box99
\@tempa=\box100
\@tempa=\box101
\@tempa=\box102
\@tempa=\box103
\@tempa=\box104
\@tempa=\box105
\@tempa=\box106
\@tempa=\box107
\@tempa=\box108
\@tempa=\box109
\@tempa=\box110
\@tempa=\box111
\@tempa=\box112
\@tempa=\box113
\@tempa=\box114
\@tempa=\box115
\@tempa=\box116
\@tempa=\box117
\@tempa=\box118
\@tempa=\box119
\@tempa=\box120
\@tempa=\box121
\@tempa=\box122
\@tempa=\box123
\@tempa=\box124
\@tempa=\box125
\@tempa=\box126
\@tempa=\box127
\@tempa=\box128
\@tempa=\box129
\@tempa=\box130
\@tempa=\box131
\@tempa=\box132
\@tempa=\box133
\@tempa=\box134
\@tempa=\box135
\c@minrows=\count347
\c@columnbadness=\count348
\c@finalcolumnbadness=\count349
\last@try=\dimen284
\multicolovershoot=\dimen285
\multicolundershoot=\dimen286
\mult@nat@firstbox=\box136
\colbreak@box=\box137
\mc@col@check@num=\count350
\g__mc_curr_col_int=\count351
) (c:/Users/Ugniaus/Downloads/TinyTeX/texmf-dist/tex/latex/multirow/multirow.sty
Package: multirow 2024/11/12 v2.9 Span multiple rows of a table
\multirow@colwidth=\skip63
\multirow@cntb=\count352
\multirow@dima=\skip64
\bigstrutjot=\dimen287
) (c:/Users/Ugniaus/Downloads/TinyTeX/texmf-dist/tex/latex/hanging/hanging.sty
Package: hanging 2009/09/02 v1.2b hanging paragraphs and punctuation
\h@ngcommawd=\skip65
\h@ngfstopwd=\skip66
\h@ngquotewd=\skip67
\h@ngdquotewd=\skip68
\h@ngquerywd=\skip69
\h@ngexclwd=\skip70
\h@ngcolonwd=\skip71
\h@ngscolonwd=\skip72
) (c:/Users/Ugniaus/Downloads/TinyTeX/texmf-dist/tex/generic/iftex/ifpdf.sty
Package: ifpdf 2019/10/25 v3.4 ifpdf legacy package. Use iftex instead.
) (c:/Users/Ugniaus/Downloads/TinyTeX/texmf-dist/tex/latex/adjustbox/adjustbox.sty
Package: adjustbox 2025/02/26 v1.3c Adjusting TeX boxes (trim, clip, ...)
 (c:/Users/Ugniaus/Downloads/TinyTeX/texmf-dist/tex/latex/xkeyval/xkeyval.sty
Package: xkeyval 2025/11/04 v2.10 package option processing (HA)
 (c:/Users/Ugniaus/Downloads/TinyTeX/texmf-dist/tex/generic/xkeyval/xkeyval.tex (c:/Users/Ugniaus/Downloads/TinyTeX/texmf-dist/tex/generic/xkeyval/xkvutils.tex
\XKV@toks=\toks26
\XKV@tempa@toks=\toks27
\XKV@tempb@toks=\toks28
)
\XKV@depth=\count353
File: xkeyval.tex 2014/12/03 v2.7a key=value parser (HA)
)) (c:/Users/Ugniaus/Downloads/TinyTeX/texmf-dist/tex/latex/adjustbox/adjcalc.sty
Package: adjcalc 2012/05/16 v1.1 Provides advanced setlength with multiple back-ends (calc, etex, pgfmath)
) (c:/Users/Ugniaus/Downloads/TinyTeX/texmf-dist/tex/latex/adjustbox/trimclip.sty
Package: trimclip 2025/02/21 v1.2a Trim and clip general TeX material
 (c:/Users/Ugniaus/Downloads/TinyTeX/texmf-dist/tex/latex/graphics/graphicx.sty
Package: graphicx 2024/12/31 v1.2e Enhanced LaTeX Graphics (DPC,SPQR)
 (c:/Users/Ugniaus/Downloads/TinyTeX/texmf-dist/tex/latex/graphics/graphics.sty
Package: graphics 2024/08/06 v1.4g Standard LaTeX Graphics (DPC,SPQR)
 (c:/Users/Ugniaus/Downloads/TinyTeX/texmf-dist/tex/latex/graphics/trig.sty
Package: trig 2023/12/02 v1.11 sin cos tan (DPC)
) (c:/Users/Ugniaus/Downloads/TinyTeX/texmf-dist/tex/latex/graphics-cfg/graphics.cfg
File: graphics.cfg 2016/06/04 v1.11 sample graphics configuration
)
Package graphics Info: Driver file: pdftex.def on input line 106.
)
\Gin@req@height=\dimen288
\Gin@req@width=\dimen289
) (c:/Users/Ugniaus/Downloads/TinyTeX/texmf-dist/tex/latex/collectbox/collectbox.sty
Package: collectbox 2022/10/17 v0.4c Collect macro arguments as boxes
\collectedbox=\box138
)
\tc@llx=\dimen290
\tc@lly=\dimen291
\tc@urx=\dimen292
\tc@ury=\dimen293
Package trimclip Info: Using driver 'tc-pdftex.def'.
 (c:/Users/Ugniaus/Downloads/TinyTeX/texmf-dist/tex/latex/adjustbox/tc-pdftex.def
File: tc-pdftex.def 2025/02/26 v2.3 Clipping driver for pdftex
))
\adjbox@Width=\dimen294
\adjbox@Height=\dimen295
\adjbox@Depth=\dimen296
\adjbox@Totalheight=\dimen297
\adjbox@pwidth=\dimen298
\adjbox@pheight=\dimen299
\adjbox@pdepth=\dimen300
\adjbox@ptotalheight=\dimen301
 (c:/Users/Ugniaus/Downloads/TinyTeX/texmf-dist/tex/latex/ifoddpage/ifoddpage.sty
Package: ifoddpage 2022/10/18 v1.2 Conditionals for odd/even page detection
\c@checkoddpage=\count354
)) (c:/Users/Ugniaus/Downloads/TinyTeX/texmf-dist/tex/latex/amsfonts/amssymb.sty
Package: amssymb 2013/01/14 v3.01 AMS font symbols
 (c:/Users/Ugniaus/Downloads/TinyTeX/texmf-dist/tex/latex/amsfonts/amsfonts.sty
Package: amsfonts 2013/01/14 v3.01 Basic AMSFonts support
\@emptytoks=\toks29
\symAMSa=\mathgroup4
\symAMSb=\mathgroup5
LaTeX Font Info:    Redeclaring math symbol \hbar on input line 98.
LaTeX Font Info:    Overwriting math alphabet `\mathfrak' in version `bold'
(Font)                  U/euf/m/n --> U/euf/b/n on input line 106.
)) (c:/Users/Ugniaus/Downloads/TinyTeX/texmf-dist/tex/latex/stackengine/stackengine.sty
Package: stackengine 2021/07/22 v4.11\ Stacking text and objects in convenient ways
 (c:/Users/Ugniaus/Downloads/TinyTeX/texmf-dist/tex/generic/listofitems/listofitems.sty (c:/Users/Ugniaus/Downloads/TinyTeX/texmf-dist/tex/generic/listofitems/listofitems.tex
\loi_cnt_foreach_nest=\count355
\loi_nestcnt=\count356
)
Package: listofitems 2024/03/09 v1.65 Grab items in lists using user-specified sep char (CT)
)
\c@@stackindex=\count357
\@boxshift=\skip73
\stack@tmplength=\skip74
\temp@stkl=\skip75
\@stackedboxwidth=\skip76
\@addedbox=\box139
\@anchorbox=\box140
\@insetbox=\box141
\se@backgroundbox=\box142
\stackedbox=\box143
\@centerbox=\box144
\c@ROWcellindex@=\count358
) (c:/Users/Ugniaus/Downloads/TinyTeX/texmf-dist/tex/latex/enumitem/enumitem.sty
Package: enumitem 2025/02/06 v3.11 Customized lists
\labelindent=\skip77
\enit@outerparindent=\dimen302
\enit@toks=\toks30
\enit@inbox=\box145
\enit@count@id=\count359
\enitdp@description=\count360
) (c:/Users/Ugniaus/Downloads/TinyTeX/texmf-dist/tex/generic/alphalph/alphalph.sty
Package: alphalph 2019/12/09 v2.6 Convert numbers to letters (HO)
 (c:/Users/Ugniaus/Downloads/TinyTeX/texmf-dist/tex/generic/intcalc/intcalc.sty
Package: intcalc 2019/12/15 v1.3 Expandable calculations with integers (HO)
)) (c:/Users/Ugniaus/Downloads/TinyTeX/texmf-dist/tex/generic/ulem/ulem.sty
\UL@box=\box146
\UL@hyphenbox=\box147
\UL@skip=\skip78
\UL@hook=\toks31
\UL@height=\dimen303
\UL@pe=\count361
\UL@pixel=\dimen304
\ULC@box=\box148
Package: ulem 2019/11/18
\ULdepth=\dimen305
)
\xrefbox=\box149
\xreflength=\skip79
\CodeWidthChar=\skip80
\CodeHeightChar=\skip81
\DoxyCodeWidth=\skip82
\ttcharwidth=\skip83
\c@DoxyEnumeratei=\count362
\c@DoxyEnumerateii=\count363
\c@DoxyEnumerateiii=\count364
\c@DoxyEnumerateiv=\count365
\c@DoxyEnumeratev=\count366
\c@DoxyEnumeratevi=\count367
\c@DoxyEnumeratevii=\count368
\c@DoxyEnumerateviii=\count369
\c@DoxyEnumerateix=\count370
\c@DoxyEnumeratex=\count371
\c@DoxyEnumeratexi=\count372
\c@DoxyEnumeratexii=\count373
\enitdp@DoxyEnumerate=\count374
\enitdp@DoxyItemize=\count375
\doxymboxbox=\box150
\doxymboxlength=\skip84
\c@subsubsubsection=\count376
\c@subsubsubsubsection=\count377
\c@subsubsubsubsubsection=\count378
\c@subsubsubsubsubsubsection=\count379
) (c:/Users/Ugniaus/Downloads/TinyTeX/texmf-dist/tex/latex/base/inputenc.sty
Package: inputenc 2024/02/08 v1.3d Input encoding file
\inpenc@prehook=\toks32
\inpenc@posthook=\toks33
) (c:/Users/Ugniaus/Downloads/TinyTeX/texmf-dist/tex/latex/base/makeidx.sty
Package: makeidx 2021/10/04 v1.0m Standard LaTeX package
) (c:/Users/Ugniaus/Downloads/TinyTeX/texmf-dist/tex/latex/base/textcomp.sty
Package: textcomp 2024/04/24 v2.1b Standard LaTeX package
) (c:/Users/Ugniaus/Downloads/TinyTeX/texmf-dist/tex/latex/wasysym/wasysym.sty
Package: wasysym 2020/01/19 v2.4 Wasy-2 symbol support package
\symwasy=\mathgroup6
LaTeX Font Info:    Overwriting symbol font `wasy' in version `bold'
(Font)                  U/wasy/m/n --> U/wasy/b/n on input line 93.
) (c:/Users/Ugniaus/Downloads/TinyTeX/texmf-dist/tex/generic/iftex/ifxetex.sty
Package: ifxetex 2019/10/25 v0.7 ifxetex legacy package. Use iftex instead.
) (c:/Users/Ugniaus/Downloads/TinyTeX/texmf-dist/tex/latex/base/fontenc.sty
Package: fontenc 2025/07/18 v2.1d Standard LaTeX package
) (c:/Users/Ugniaus/Downloads/TinyTeX/texmf-dist/tex/latex/psnfss/helvet.sty
Package: helvet 2020/03/25 PSNFSS-v9.3 (WaS) 
) (c:/Users/Ugniaus/Downloads/TinyTeX/texmf-dist/tex/latex/psnfss/courier.sty
Package: courier 2020/03/25 PSNFSS-v9.3 (WaS) 
) (c:/Users/Ugniaus/Downloads/TinyTeX/texmf-dist/tex/latex/geometry/geometry.sty
Package: geometry 2026/03/07 v6.0 Page Geometry
 (c:/Users/Ugniaus/Downloads/TinyTeX/texmf-dist/tex/generic/iftex/ifvtex.sty
Package: ifvtex 2019/10/25 v1.7 ifvtex legacy package. Use iftex instead.
)
\Gm@cnth=\count380
\Gm@cntv=\count381
\c@Gm@tempcnt=\count382
\Gm@bindingoffset=\dimen306
\Gm@wd@mp=\dimen307
\Gm@odd@mp=\dimen308
\Gm@even@mp=\dimen309
\Gm@layoutwidth=\dimen310
\Gm@layoutheight=\dimen311
\Gm@layouthoffset=\dimen312
\Gm@layoutvoffset=\dimen313
\Gm@dimlist=\toks34
) (c:/Users/Ugniaus/Downloads/TinyTeX/texmf-dist/tex/latex/changepage/changepage.sty
Package: changepage 2009/10/20 v1.0c check page and change page layout
\c@cp@cntr=\count383
\cp@tempcnt=\count384
LaTeX Info: Redefining \checkoddpage on input line 59.
) (c:/Users/Ugniaus/Downloads/TinyTeX/texmf-dist/tex/latex/fancyhdr/fancyhdr.sty
Package: fancyhdr 2025/02/07 v5.2 Extensive control of page headers and footers
\f@nch@headwidth=\skip85
\f@nch@offset@elh=\skip86
\f@nch@offset@erh=\skip87
\f@nch@offset@olh=\skip88
\f@nch@offset@orh=\skip89
\f@nch@offset@elf=\skip90
\f@nch@offset@erf=\skip91
\f@nch@offset@olf=\skip92
\f@nch@offset@orf=\skip93
\f@nch@height=\skip94
\f@nch@footalignment=\skip95
\f@nch@widthL=\skip96
\f@nch@widthC=\skip97
\f@nch@widthR=\skip98
\@temptokenb=\toks35
) (c:/Users/Ugniaus/Downloads/TinyTeX/texmf-dist/tex/latex/natbib/natbib.sty
Package: natbib 2010/09/13 8.31b (PWD, AO)
\bibhang=\skip99
\bibsep=\skip100
LaTeX Info: Redefining \cite on input line 694.
\c@NAT@ctr=\count385
) (c:/Users/Ugniaus/Downloads/TinyTeX/texmf-dist/tex/latex/tocloft/tocloft.sty
Package: tocloft 2017/08/31 v2.3i parameterised ToC, etc., typesetting
Package tocloft Info: The document has chapter divisions on input line 51.
\cftparskip=\skip101
\cftbeforetoctitleskip=\skip102
\cftaftertoctitleskip=\skip103
\cftbeforepartskip=\skip104
\cftpartnumwidth=\skip105
\cftpartindent=\skip106
\cftbeforechapskip=\skip107
\cftchapindent=\skip108
\cftchapnumwidth=\skip109
\cftbeforesecskip=\skip110
\cftsecindent=\skip111
\cftsecnumwidth=\skip112
\cftbeforesubsecskip=\skip113
\cftsubsecindent=\skip114
\cftsubsecnumwidth=\skip115
\cftbeforesubsubsecskip=\skip116
\cftsubsubsecindent=\skip117
\cftsubsubsecnumwidth=\skip118
\cftbeforeparaskip=\skip119
\cftparaindent=\skip120
\cftparanumwidth=\skip121
\cftbeforesubparaskip=\skip122
\cftsubparaindent=\skip123
\cftsubparanumwidth=\skip124
\cftbeforeloftitleskip=\skip125
\cftafterloftitleskip=\skip126
\cftbeforefigskip=\skip127
\cftfigindent=\skip128
\cftfignumwidth=\skip129
\c@lofdepth=\count386
\c@lotdepth=\count387
\cftbeforelottitleskip=\skip130
\cftafterlottitleskip=\skip131
\cftbeforetabskip=\skip132
\cfttabindent=\skip133
\cfttabnumwidth=\skip134
)
\@indexfile=\write4
\openout4 = `refman.idx'.


Writing index file refman.idx
(c:/Users/Ugniaus/Downloads/TinyTeX/texmf-dist/tex/latex/newunicodechar/newunicodechar.sty
Package: newunicodechar 2018/04/08 v1.2 Defining Unicode characters
) (c:/Users/Ugniaus/Downloads/TinyTeX/texmf-dist/tex/latex/hyperref/hyperref.sty
Package: hyperref 2026-04-24 v7.01q Hypertext links for LaTeX
 (c:/Users/Ugniaus/Downloads/TinyTeX/texmf-dist/tex/latex/kvsetkeys/kvsetkeys.sty
Package: kvsetkeys 2022-10-05 v1.19 Key value parser (HO)
) (c:/Users/Ugniaus/Downloads/TinyTeX/texmf-dist/tex/generic/kvdefinekeys/kvdefinekeys.sty
Package: kvdefinekeys 2019-12-19 v1.6 Define keys (HO)
) (c:/Users/Ugniaus/Downloads/TinyTeX/texmf-dist/tex/generic/pdfescape/pdfescape.sty
Package: pdfescape 2019/12/09 v1.15 Implements pdfTeX's escape features (HO)
 (c:/Users/Ugniaus/Downloads/TinyTeX/texmf-dist/tex/generic/ltxcmds/ltxcmds.sty
Package: ltxcmds 2023-12-04 v1.26 LaTeX kernel commands for general use (HO)
) (c:/Users/Ugniaus/Downloads/TinyTeX/texmf-dist/tex/generic/pdftexcmds/pdftexcmds.sty
Package: pdftexcmds 2020-06-27 v0.33 Utility functions of pdfTeX for LuaTeX (HO)
Package pdftexcmds Info: \pdf@primitive is available.
Package pdftexcmds Info: \pdf@ifprimitive is available.
Package pdftexcmds Info: \pdfdraftmode found.
)) (c:/Users/Ugniaus/Downloads/TinyTeX/texmf-dist/tex/latex/hycolor/hycolor.sty
Package: hycolor 2020-01-27 v1.10 Color options for hyperref/bookmark (HO)
) (c:/Users/Ugniaus/Downloads/TinyTeX/texmf-dist/tex/latex/hyperref/nameref.sty
Package: nameref 2026-01-29 v2.58 Cross-referencing by name of section
 (c:/Users/Ugniaus/Downloads/TinyTeX/texmf-dist/tex/latex/refcount/refcount.sty
Package: refcount 2019/12/15 v3.6 Data extraction from label references (HO)
) (c:/Users/Ugniaus/Downloads/TinyTeX/texmf-dist/tex/generic/gettitlestring/gettitlestring.sty
Package: gettitlestring 2019/12/15 v1.6 Cleanup title references (HO)
 (c:/Users/Ugniaus/Downloads/TinyTeX/texmf-dist/tex/latex/kvoptions/kvoptions.sty
Package: kvoptions 2022-06-15 v3.15 Key value format for package options (HO)
))
\c@section@level=\count388
) (c:/Users/Ugniaus/Downloads/TinyTeX/texmf-dist/tex/generic/stringenc/stringenc.sty
Package: stringenc 2019/11/29 v1.12 Convert strings between diff. encodings (HO)
)
\@linkdim=\dimen314
\Hy@linkcounter=\count389
\Hy@pagecounter=\count390
 (c:/Users/Ugniaus/Downloads/TinyTeX/texmf-dist/tex/latex/hyperref/pd1enc.def
File: pd1enc.def 2026-04-24 v7.01q Hyperref: PDFDocEncoding definition (HO)
Now handling font encoding PD1 ...
... no UTF-8 mapping file for font encoding PD1
)
\Hy@SavedSpaceFactor=\count391
 (c:/Users/Ugniaus/Downloads/TinyTeX/texmf-dist/tex/latex/hyperref/puenc.def
File: puenc.def 2026-04-24 v7.01q Hyperref: PDF Unicode definition (HO)
Now handling font encoding PU ...
... no UTF-8 mapping file for font encoding PU
)
Package hyperref Info: Hyper figures OFF on input line 4199.
Package hyperref Info: Link nesting OFF on input line 4204.
Package hyperref Info: Hyper index ON on input line 4207.
Package hyperref Info: Plain pages OFF on input line 4214.
Package hyperref Info: Backreferencing ON on input line 4217.
Package hyperref Info: Implicit mode ON; LaTeX internals redefined.
Package hyperref Info: Bookmarks ON on input line 4466.
 (c:/Users/Ugniaus/Downloads/TinyTeX/texmf-dist/tex/latex/hyperref/backref.sty
Package: backref 2025-06-21 v1.45 Bibliographical back referencing
 (c:/Users/Ugniaus/Downloads/TinyTeX/texmf-dist/tex/latex/rerunfilecheck/rerunfilecheck.sty
Package: rerunfilecheck 2025-06-21 v1.11 Rerun checks for auxiliary files (HO)
 (c:/Users/Ugniaus/Downloads/TinyTeX/texmf-dist/tex/generic/uniquecounter/uniquecounter.sty
Package: uniquecounter 2019/12/15 v1.4 Provide unlimited unique counter (HO)
 (c:/Users/Ugniaus/Downloads/TinyTeX/texmf-dist/tex/generic/bigintcalc/bigintcalc.sty
Package: bigintcalc 2019/12/15 v1.5 Expandable calculations on big integers (HO)
))
Package uniquecounter Info: New unique counter `rerunfilecheck' on input line 284.
))
\c@Hy@tempcnt=\count392
 (c:/Users/Ugniaus/Downloads/TinyTeX/texmf-dist/tex/latex/url/url.sty
\Urlmuskip=\muskip17
Package: url 2013/09/16  ver 3.4  Verb mode for urls, etc.
)
LaTeX Info: Redefining \url on input line 4805.
\XeTeXLinkMargin=\dimen315
 (c:/Users/Ugniaus/Downloads/TinyTeX/texmf-dist/tex/generic/bitset/bitset.sty
Package: bitset 2019/12/09 v1.3 Handle bit-vector datatype (HO)
)
\Fld@menulength=\count393
\Field@Width=\dimen316
\Fld@charsize=\dimen317
Package hyperref Info: Hyper figures OFF on input line 6091.
Package hyperref Info: Link nesting OFF on input line 6096.
Package hyperref Info: Hyper index ON on input line 6099.
Package hyperref Info: backreferencing ON on input line 6104.
Package hyperref Info: Link coloring OFF on input line 6111.
Package hyperref Info: Link coloring with OCG OFF on input line 6116.
Package hyperref Info: PDF/A mode OFF on input line 6121.
\Hy@abspage=\count394
\c@Item=\count395
\c@Hfootnote=\count396
)
Package hyperref Info: Driver: hpdftex.
 (c:/Users/Ugniaus/Downloads/TinyTeX/texmf-dist/tex/latex/hyperref/hpdftex.def
File: hpdftex.def 2026-04-24 v7.01q Hyperref driver for pdfTeX
\Fld@listcount=\count397
\c@bookmark@seq@number=\count398
\Hy@SectionHShift=\skip135
)
Package hyperref Info: Option `colorlinks' set `true' on input line 179.
Package hyperref Info: Option `unicode' set `true' on input line 179.
 (c:/Users/Ugniaus/Downloads/TinyTeX/texmf-dist/tex/latex/caption/caption.sty
Package: caption 2023/08/05 v3.6o Customizing captions (AR)
 (c:/Users/Ugniaus/Downloads/TinyTeX/texmf-dist/tex/latex/caption/caption3.sty
Package: caption3 2023/07/31 v2.4d caption3 kernel (AR)
\caption@tempdima=\dimen318
\captionmargin=\dimen319
\caption@leftmargin=\dimen320
\caption@rightmargin=\dimen321
\caption@width=\dimen322
\caption@indent=\dimen323
\caption@parindent=\dimen324
\caption@hangindent=\dimen325
Package caption Info: Standard document class detected.
)
\c@caption@flags=\count399
\c@continuedfloat=\count400
Package caption Info: changepage package is loaded.
\caption@adjustwidth@hsize=\dimen326
\caption@adjustwidth@linewidth=\dimen327
Package caption Info: float package is loaded.
Package caption Info: hyperref package is loaded.
Package caption Info: longtable package is loaded.
 (c:/Users/Ugniaus/Downloads/TinyTeX/texmf-dist/tex/latex/caption/ltcaption.sty
Package: ltcaption 2021/01/08 v1.4c longtable captions (AR)
)) (c:/Users/Ugniaus/Downloads/TinyTeX/texmf-dist/tex/latex/etoc/etoc.sty
Package: etoc 2026/05/04 v1.2e Completely customisable TOCs (JFB)
\Etoc@toctoks=\toks36
\c@etoc@tocid=\count401
\etoc@framed@titlebox=\box151
\etoc@framed@contentsbox=\box152
)
LaTeX Font Info:    Trying to load font information for T1+phv on input line 201.
 (c:/Users/Ugniaus/Downloads/TinyTeX/texmf-dist/tex/latex/psnfss/t1phv.fd
File: t1phv.fd 2020/03/25 scalable font definitions for T1/phv.
)
LaTeX Font Info:    Font shape `T1/phv/m/n' will be
(Font)              scaled to size 8.99994pt on input line 201.
 (./refman.aux)
\openout1 = `refman.aux'.

LaTeX Font Info:    Checking defaults for OML/cmm/m/it on input line 201.
LaTeX Font Info:    ... okay on input line 201.
LaTeX Font Info:    Checking defaults for OMS/cmsy/m/n on input line 201.
LaTeX Font Info:    ... okay on input line 201.
LaTeX Font Info:    Checking defaults for OT1/cmr/m/n on input line 201.
LaTeX Font Info:    ... okay on input line 201.
LaTeX Font Info:    Checking defaults for T1/cmr/m/n on input line 201.
LaTeX Font Info:    ... okay on input line 201.
LaTeX Font Info:    Checking defaults for TS1/cmr/m/n on input line 201.
LaTeX Font Info:    ... okay on input line 201.
LaTeX Font Info:    Checking defaults for OMX/cmex/m/n on input line 201.
LaTeX Font Info:    ... okay on input line 201.
LaTeX Font Info:    Checking defaults for U/cmr/m/n on input line 201.
LaTeX Font Info:    ... okay on input line 201.
LaTeX Font Info:    Checking defaults for PD1/pdf/m/n on input line 201.
LaTeX Font Info:    ... okay on input line 201.
LaTeX Font Info:    Checking defaults for PU/pdf/m/n on input line 201.
LaTeX Font Info:    ... okay on input line 201.
 (c:/Users/Ugniaus/Downloads/TinyTeX/texmf-dist/tex/context/base/mkii/supp-pdf.mkii
[Loading MPS to PDF converter (version 2006.09.02).]
\scratchcounter=\count402
\scratchdimen=\dimen328
\scratchbox=\box153
\nofMPsegments=\count403
\nofMParguments=\count404
\everyMPshowfont=\toks37
\MPscratchCnt=\count405
\MPscratchDim=\dimen329
\MPnumerator=\count406
\makeMPintoPDFobject=\count407
\everyMPtoPDFconversion=\toks38
) (c:/Users/Ugniaus/Downloads/TinyTeX/texmf-dist/tex/latex/epstopdf-pkg/epstopdf-base.sty
Package: epstopdf-base 2020-01-24 v2.11 Base part for package epstopdf
Package epstopdf-base Info: Redefining graphics rule for `.eps' on input line 485.
 (c:/Users/Ugniaus/Downloads/TinyTeX/texmf-dist/tex/latex/latexconfig/epstopdf-sys.cfg
File: epstopdf-sys.cfg 2010/07/13 v1.3 Configuration of (r)epstopdf for TeX Live
))
*geometry* driver: auto-detecting
*geometry* detected driver: pdftex
*geometry* verbose mode - [ preamble ] result:
* driver: pdftex
* paper: a4paper
* layout: <same size as paper>
* layoutoffset:(h,v)=(0.0pt,0.0pt)
* modes: twoside 
* h-part:(L,W,R)=(71.13188pt, 455.24411pt, 71.13188pt)
* v-part:(T,H,B)=(71.13188pt, 702.78308pt, 71.13188pt)
* \paperwidth=597.50787pt
* \paperheight=845.04684pt
* \textwidth=455.24411pt
* \textheight=702.78308pt
* \oddsidemargin=-1.1381pt
* \evensidemargin=-1.1381pt
* \topmargin=-31.2056pt
* \headheight=12.0pt
* \headsep=18.06749pt
* \topskip=10.0pt
* \footskip=25.29494pt
* \marginparwidth=125.0pt
* \marginparsep=7.0pt
* \columnsep=10.0pt
* \skip\footins=9.0pt plus 4.0pt minus 2.0pt
* \hoffset=0.0pt
* \voffset=0.0pt
* \mag=1000
* \@twocolumnfalse
* \@twosidetrue
* \@mparswitchtrue
* \@reversemarginfalse
* (1in=72.27pt=25.4mm, 1cm=28.453pt)

Package backref Info: ** backref set up for natbib ** on input line 201.
Package hyperref Info: Link coloring ON on input line 201.
(./refman.out) (./refman.out)
\@outlinefile=\write5
\openout5 = `refman.out'.

Package caption Info: Begin \AtBeginDocument code.
Package caption Info: End \AtBeginDocument code.
\Etoc@tf=\read4
Package hyperref Info: Option `pageanchor' set `false' on input line 209.
Package hyperref Info: Option `bookmarksnumbered' set `true' on input line 209.
Package hyperref Info: Option `unicode' set `true' on input line 209.
LaTeX Font Info:    Font shape `T1/phv/m/n' will be
(Font)              scaled to size 12.9599pt on input line 214.
LaTeX Font Info:    Font shape `T1/phv/m/n' will be
(Font)              scaled to size 10.79993pt on input line 216.
 [1


{c:/Users/Ugniaus/Downloads/TinyTeX/texmf-var/fonts/map/pdftex/updmap/pdftex.map}{c:/Users/Ugniaus/Downloads/TinyTeX/texmf-dist/fonts/enc/dvips/base/8r.enc}] [2

]
\tf@toc=\write6
\openout6 = `refman.toc'.

Package hyperref Info: Option `pageanchor' set `true' on input line 225.

Chapter 1.
LaTeX Font Info:    Font shape `T1/phv/m/n' will be
(Font)              scaled to size 18.66588pt on input line 227.
LaTeX Font Info:    Font shape `T1/phv/b/n' will be
(Font)              scaled to size 18.66588pt on input line 227.
LaTeX Font Info:    Font shape `T1/phv/b/n' will be
(Font)              scaled to size 22.39185pt on input line 227.
(./dirs.tex
LaTeX Font Info:    Font shape `T1/phv/b/n' will be
(Font)              scaled to size 12.9599pt on input line 1.
LaTeX Font Info:    Trying to load font information for U+msa on input line 3.
 (c:/Users/Ugniaus/Downloads/TinyTeX/texmf-dist/tex/latex/amsfonts/umsa.fd
File: umsa.fd 2013/01/14 v3.01 AMS symbols A
)
LaTeX Font Info:    Trying to load font information for U+msb on input line 3.
 (c:/Users/Ugniaus/Downloads/TinyTeX/texmf-dist/tex/latex/amsfonts/umsb.fd
File: umsb.fd 2013/01/14 v3.01 AMS symbols B
)
LaTeX Font Info:    Trying to load font information for U+wasy on input line 3.
 (c:/Users/Ugniaus/Downloads/TinyTeX/texmf-dist/tex/latex/wasysym/uwasy.fd
File: uwasy.fd 2020/01/19 v2.4 Wasy-2 symbol font definitions
)
LaTeX Font Info:    Font shape `T1/phv/m/n' will be
(Font)              scaled to size 6.29996pt on input line 5.
LaTeX Font Info:    Font shape `T1/phv/b/n' will be
(Font)              scaled to size 8.99994pt on input line 5.


LaTeX Warning: Reference `funkcijos_8h' on page 1 undefined on input line 5.


LaTeX Warning: Reference `input_8cpp' on page 1 undefined on input line 6.


LaTeX Warning: Reference `main_8cpp' on page 1 undefined on input line 7.


LaTeX Warning: Reference `output_8cpp' on page 1 undefined on input line 8.


LaTeX Warning: Reference `strukturos_8h' on page 1 undefined on input line 9.


LaTeX Warning: Reference `studentas_8cpp' on page 1 undefined on input line 10.


LaTeX Warning: Reference `studentas_8h' on page 1 undefined on input line 11.


LaTeX Warning: Reference `test__studentas_8cpp' on page 1 undefined on input line 12.


LaTeX Warning: Reference `zmogus_8h' on page 1 undefined on input line 13.

)
LaTeX Font Info:    Font shape `T1/phv/b/n' will be
(Font)              scaled to size 6.29996pt on input line 229.
 [1


] [2

]
Chapter 2.
(./hierarchy.tex

LaTeX Warning: Reference `class_zmogus' on page 3 undefined on input line 4.


LaTeX Warning: Reference `class_studentas' on page 3 undefined on input line 6.

) [3] [4

]
Chapter 3.
(./annotated.tex
LaTeX Font Info:    Trying to load font information for T1+pcr on input line 4.
 (c:/Users/Ugniaus/Downloads/TinyTeX/texmf-dist/tex/latex/psnfss/t1pcr.fd
File: t1pcr.fd 2001/06/04 font definitions for T1/pcr.
)

LaTeX Warning: Reference `class_studentas' on page 5 undefined on input line 4.


LaTeX Warning: Reference `class_zmogus' on page 5 undefined on input line 5.

) [5] [6

]
Chapter 4.
(./files.tex

LaTeX Warning: Reference `funkcijos_8h' on page 7 undefined on input line 3.


LaTeX Warning: Reference `input_8cpp' on page 7 undefined on input line 4.


LaTeX Warning: Reference `main_8cpp' on page 7 undefined on input line 5.


LaTeX Warning: Reference `output_8cpp' on page 7 undefined on input line 6.


LaTeX Warning: Reference `strukturos_8h' on page 7 undefined on input line 7.


LaTeX Warning: Reference `studentas_8cpp' on page 7 undefined on input line 8.


LaTeX Warning: Reference `studentas_8h' on page 7 undefined on input line 9.


LaTeX Warning: Reference `test__studentas_8cpp' on page 7 undefined on input line 10.


LaTeX Warning: Reference `zmogus_8h' on page 7 undefined on input line 11.

) [7] [8

]
Chapter 5.
(./dir_b159045c86742e23382de6113e3621b5.tex
LaTeX Font Info:    Trying to load font information for TS1+phv on input line 6.
 (c:/Users/Ugniaus/Downloads/TinyTeX/texmf-dist/tex/latex/psnfss/ts1phv.fd
File: ts1phv.fd 2020/03/25 scalable font definitions for TS1/phv.
)
LaTeX Font Info:    Font shape `TS1/phv/m/n' will be
(Font)              scaled to size 8.99994pt on input line 6.
LaTeX Font Info:    Font shape `T1/phv/m/n' will be
(Font)              scaled to size 8.09995pt on input line 7.
LaTeX Font Info:    Font shape `T1/phv/m/it' in size <9> not available
(Font)              Font shape `T1/phv/m/sl' tried instead on input line 7.
LaTeX Font Info:    Font shape `T1/phv/m/sl' will be
(Font)              scaled to size 8.09995pt on input line 7.
LaTeX Font Info:    Font shape `T1/phv/m/it' in size <7> not available
(Font)              Font shape `T1/phv/m/sl' tried instead on input line 7.
LaTeX Font Info:    Font shape `T1/phv/m/sl' will be
(Font)              scaled to size 6.29996pt on input line 7.
LaTeX Font Info:    Font shape `T1/pcr/m/it' in size <9> not available
(Font)              Font shape `T1/pcr/m/sl' tried instead on input line 21.
) [9] [10

]
Chapter 6.
(./struct_nustatymai.tex
LaTeX Font Info:    Font shape `T1/phv/b/n' will be
(Font)              scaled to size 10.79993pt on input line 26.
LaTeX Font Info:    Font shape `T1/phv/m/n' will be
(Font)              scaled to size 7.19995pt on input line 30.
 [11]) (./class_studentas.tex
Package epstopdf Info: Source file: <class_studentas.eps>
(epstopdf)                    date: 2026-05-28 19:26:16
(epstopdf)                    size: 3772 bytes
(epstopdf)             Output file: <class_studentas-eps-converted-to.pdf>
(epstopdf)             Command: <repstopdf --outfile=class_studentas-eps-converted-to.pdf class_studentas.eps>
(epstopdf)             \includegraphics on input line 15.
runsystem(repstopdf --outfile=class_studentas-eps-converted-to.pdf class_studentas.eps)...executed safely (allowed).

Package epstopdf Info: Result file: <class_studentas-eps-converted-to.pdf>
(epstopdf)                    date: 2026-05-28 21:09:29
(epstopdf)                    size: 5724 bytes.
 <./class_studentas-eps-converted-to.pdf>
<class_studentas-eps-converted-to.pdf, id=226, 501.875pt x 535.33pt>
File: class_studentas-eps-converted-to.pdf Graphic file (type pdf)
<use class_studentas-eps-converted-to.pdf>
Package pdftex.def Info: class_studentas-eps-converted-to.pdf  used on input line 15.
(pdftex.def)             Requested size: 53.34552pt x 56.9055pt.
 [12]
LaTeX Font Info:    Font shape `T1/phv/b/n' will be
(Font)              scaled to size 7.19995pt on input line 99.
 [13]
LaTeX Font Info:    Font shape `T1/pcr/m/it' in size <8> not available
(Font)              Font shape `T1/pcr/m/sl' tried instead on input line 111.
LaTeX Font Info:    Font shape `T1/phv/m/it' in size <10> not available
(Font)              Font shape `T1/phv/m/sl' tried instead on input line 121.
LaTeX Font Info:    Font shape `T1/phv/m/sl' will be
(Font)              scaled to size 8.99994pt on input line 121.
 [14]
LaTeX Font Info:    Font shape `T1/phv/bc/n' will be
(Font)              scaled to size 8.99994pt on input line 192.

Underfull \hbox (badness 10000) detected at line 192
[][][]
 []

[15]
Underfull \hbox (badness 10000) detected at line 260
[][][]
 []

[16]) (./class_zmogus.tex
Package epstopdf Info: Source file: <class_zmogus.eps>
(epstopdf)                    date: 2026-05-28 19:26:16
(epstopdf)                    size: 3772 bytes
(epstopdf)             Output file: <class_zmogus-eps-converted-to.pdf>
(epstopdf)             Command: <repstopdf --outfile=class_zmogus-eps-converted-to.pdf class_zmogus.eps>
(epstopdf)             \includegraphics on input line 15.
runsystem(repstopdf --outfile=class_zmogus-eps-converted-to.pdf class_zmogus.eps)...executed safely (allowed).

Package epstopdf Info: Result file: <class_zmogus-eps-converted-to.pdf>
(epstopdf)                    date: 2026-05-28 21:09:30
(epstopdf)                    size: 5731 bytes.
 <./class_zmogus-eps-converted-to.pdf>
<class_zmogus-eps-converted-to.pdf, id=420, 501.875pt x 535.33pt>
File: class_zmogus-eps-converted-to.pdf Graphic file (type pdf)
<use class_zmogus-eps-converted-to.pdf>
Package pdftex.def Info: class_zmogus-eps-converted-to.pdf  used on input line 15.
(pdftex.def)             Requested size: 53.34552pt x 56.9055pt.
 [17] [18]) [19] [20

]
Chapter 7.
(./funkcijos_8h.tex
Underfull \hbox (badness 10000) in paragraph at lines 8--12

 []

[21]
LaTeX Font Info:    Font shape `T1/pcr/m/it' in size <7> not available
(Font)              Font shape `T1/pcr/m/sl' tried instead on input line 92.
 [22] [23] [24]
Underfull \hbox (badness 10000) detected at line 225
[][][]
 []


Underfull \hbox (badness 10000) detected at line 235
[][][]
 []


Underfull \hbox (badness 10000) detected at line 259
[][][]
 []

[25]
Underfull \hbox (badness 10000) detected at line 283
[][][]
 []

[26]
Underfull \hbox (badness 10000) detected at line 348
[][][]
 []


Underfull \hbox (badness 10000) detected at line 372
[][][]
 []

[27]
Underfull \hbox (badness 10000) detected at line 398
[][][]
 []

) (./funkcijos_8h_source.tex) (./input_8cpp.tex
Underfull \hbox (badness 10000) in paragraph at lines 8--17

 []

[28] [29] [30]
Underfull \hbox (badness 10000) detected at line 167
[][][]
 []

[31]
Underfull \hbox (badness 10000) detected at line 177
[][][]
 []


Underfull \hbox (badness 10000) detected at line 197
[][][]
 []


Underfull \hbox (badness 10000) detected at line 219
[][][]
 []

[32]
Underfull \hbox (badness 10000) detected at line 243
[][][]
 []

) (./main_8cpp.tex
Underfull \hbox (badness 10000) in paragraph at lines 8--15

 []


Underfull \hbox (badness 10000) detected at line 40
[][][]
 []

) (./output_8cpp.tex [33]
Underfull \hbox (badness 10000) in paragraph at lines 8--17

 []

[34] [35]
Underfull \hbox (badness 10000) detected at line 110
[][][]
 []


Underfull \hbox (badness 10000) detected at line 132
[][][]
 []

[36]) (./strukturos_8h.tex
Underfull \hbox (badness 10000) in paragraph at lines 8--10

 []

) (./strukturos_8h_source.tex [37]) (./studentas_8cpp.tex
Underfull \hbox (badness 10000) in paragraph at lines 8--13

 []

[38]) (./studentas_8h.tex
Underfull \hbox (badness 10000) in paragraph at lines 8--11

 []

[39]) (./studentas_8h_source.tex [40]) (./test__studentas_8cpp.tex
Underfull \hbox (badness 10000) in paragraph at lines 8--12

 []

[41]) (./zmogus_8h.tex
Underfull \hbox (badness 10000) in paragraph at lines 8--9

 []

) (./zmogus_8h_source.tex) [42]
No file refman.ind.
(./refman.aux)
 ***********
LaTeX2e <2025-11-01>
L3 programming layer <2026-05-15>
 ***********


LaTeX Warning: There were undefined references.


LaTeX Warning: Label(s) may have changed. Rerun to get cross-references right.


Package rerunfilecheck Warning: File `refman.out' has changed.
(rerunfilecheck)                Rerun to get outlines right
(rerunfilecheck)                or use package `bookmark'.

Package rerunfilecheck Info: Checksums for `refman.out':
(rerunfilecheck)             Before: 6788E72AE28CB0E2766BC20A9B928910;2701
(rerunfilecheck)             After:  E2CF0FD8C86C42561DA5C04EE1445EEA;23791.
 ) 
Here is how much of TeX's memory you used:
 20918 strings out of 469269
 372867 string characters out of 5461783
 814640 words of memory out of 5000000
 49058 multiletter control sequences out of 15000+600000
 683320 words of font info for 111 fonts, out of 8000000 for 9000
 36 hyphenation exceptions out of 8191
 103i,16n,124p,1503b,1108s stack positions out of 10000i,1000n,20000p,200000b,200000s
<c:/Users/Ugniaus/Downloads/TinyTeX/texmf-dist/fonts/type1/public/amsfonts/cm/cmmi10.pfb><c:/Users/Ugniaus/Downloads/TinyTeX/texmf-dist/fonts/type1/public/amsfonts/cm/cmmi8.pfb><c:/Users/Ugniaus/Downloads/TinyTeX/texmf-dist/fonts/type1/public/amsfonts/cm/cmsy10.pfb><c:/Users/Ugniaus/Downloads/TinyTeX/texmf-dist/fonts/type1/public/amsfonts/cm/cmsy8.pfb><c:/Users/Ugniaus/Downloads/TinyTeX/texmf-dist/fonts/type1/urw/courier/ucrb8a.pfb><c:/Users/Ugniaus/Downloads/TinyTeX/texmf-dist/fonts/type1/urw/courier/ucrr8a.pfb><c:/Users/Ugniaus/Downloads/TinyTeX/texmf-dist/fonts/type1/urw/courier/ucrro8a.pfb><c:/Users/Ugniaus/Downloads/TinyTeX/texmf-dist/fonts/type1/urw/helvetic/uhvb8a.pfb><c:/Users/Ugniaus/Downloads/TinyTeX/texmf-dist/fonts/type1/urw/helvetic/uhvb8ac.pfb><c:/Users/Ugniaus/Downloads/TinyTeX/texmf-dist/fonts/type1/urw/helvetic/uhvr8a.pfb><c:/Users/Ugniaus/Downloads/TinyTeX/texmf-dist/fonts/type1/urw/helvetic/uhvro8a.pfb>
Output written on refman.pdf (44 pages, 191503 bytes).
PDF statistics:
 1288 PDF objects out of 1440 (max. 8388607)
 903 compressed objects within 10 object streams
 334 named destinations out of 1000 (max. 500000)
 147 words of extra memory for PDF output out of 10000 (max. 10000000)

